// Jest Snapshot v1, https://goo.gl/fbAQLP

exports[`should return expense list with expense 1`] = `
<div>
  <Link
    replace={false}
    to="/edit/1"
  >
    <h3>
      gum
    </h3>
    <p>
      195
       - 
      0
    </p>
  </Link>
</div>
`;
