// Jest Snapshot v1, https://goo.gl/fbAQLP

exports[`should return expense dashboard page 1`] = `
<div>
  <Link
    replace={false}
    to="/edit/undefined"
  >
    <h3 />
    <p>
       - 
    </p>
  </Link>
</div>
`;
