// Jest Snapshot v1, https://goo.gl/fbAQLP

exports[`should render expense summary correctly 1`] = `
<div>
  <h1>
    Viewing 
     
    expense
     totaling 
    $0.00
     
  </h1>
</div>
`;
