// Jest Snapshot v1, https://goo.gl/fbAQLP

exports[`should return not found page 1`] = `
<div>
  <Link
    replace={false}
    to="/edit/undefined"
  >
    <h3 />
    <p>
      $0.00
       -
      December 31st, 1969
    </p>
  </Link>
</div>
`;
